// Jest Snapshot v1, https://goo.gl/fbAQLP

exports[`Testing to <AppRouter /> should show succesfully 1`] = `
<div>
  <nav
    className="navbar navbar-expand-sm navbar-dark bg-dark"
  >
    <a
      aria-current="page"
      className="navbar-brand active"
      href="/"
      onClick={[Function]}
      style={Object {}}
    >
      Navbar
    </a>
    <div
      className="collapse navbar-collapse"
      id="navbarNav"
    >
      <ul
        className="navbar-nav"
      >
        <li
          className="nav-item"
        >
          <a
            aria-current="page"
            className="nav-link active"
            href="/"
            onClick={[Function]}
            style={Object {}}
          >
            Home
          </a>
        </li>
        <li
          className="nav-item"
        >
          <a
            aria-current={null}
            className="nav-link"
            href="/about"
            onClick={[Function]}
          >
            About
          </a>
        </li>
        <li
          className="nav-item"
        >
          <a
            aria-current={null}
            className="nav-link"
            href="/login"
            onClick={[Function]}
          >
            Login
          </a>
        </li>
      </ul>
    </div>
  </nav>
  <div
    className="container"
  >
    <div>
      <h1>
        Home Screen
      </h1>
      <hr />
      <pre>
        {
   "name": "Maria",
   "email": "mari@gmail.com"
}
      </pre>
    </div>
  </div>
</div>
`;
