// Jest Snapshot v1, https://goo.gl/fbAQLP

exports[`Testing to <HomeScreen /> should show succesfully 1`] = `
<div>
  <h1>
    Home Screen
  </h1>
  <hr />
  <pre>
    {
   "name": "Camila",
   "email": "cami@gmail.com"
}
  </pre>
</div>
`;
