// Jest Snapshot v1, https://goo.gl/fbAQLP

exports[`Testing to <LoginScreen /> should show succesfully 1`] = `
<div>
  <h1>
    Login Screen
  </h1>
  <hr />
  <button
    className="btn btn-outline-info"
    onClick={[Function]}
  >
    Log In
  </button>
</div>
`;
