// Jest Snapshot v1, https://goo.gl/fbAQLP

exports[`Testing to <RealExample /> should show succesfully 1`] = `
<div>
  <h1>
    Real Example
  </h1>
  <hr />
  <button
    className="btn btn-info mt-3"
    onClick={[Function]}
  >
    Show
  </button>
</div>
`;
